Archive member included to satisfy reference by file (symbol)

d:/gnu toolchain/10 2021.10/bin/../lib/gcc/arm-none-eabi/10.3.1/../../../../arm-none-eabi/lib/thumb/v7e-m/nofp\libc_nano.a(lib_a-exit.o)
                              d:/gnu toolchain/10 2021.10/bin/../lib/gcc/arm-none-eabi/10.3.1/../../../../arm-none-eabi/lib/thumb/v7e-m/nofp/rdimon-crt0.o (exit)
d:/gnu toolchain/10 2021.10/bin/../lib/gcc/arm-none-eabi/10.3.1/../../../../arm-none-eabi/lib/thumb/v7e-m/nofp\libc_nano.a(lib_a-impure.o)
                              d:/gnu toolchain/10 2021.10/bin/../lib/gcc/arm-none-eabi/10.3.1/../../../../arm-none-eabi/lib/thumb/v7e-m/nofp\libc_nano.a(lib_a-exit.o) (_global_impure_ptr)
d:/gnu toolchain/10 2021.10/bin/../lib/gcc/arm-none-eabi/10.3.1/../../../../arm-none-eabi/lib/thumb/v7e-m/nofp\libc_nano.a(lib_a-init.o)
                              d:/gnu toolchain/10 2021.10/bin/../lib/gcc/arm-none-eabi/10.3.1/../../../../arm-none-eabi/lib/thumb/v7e-m/nofp/rdimon-crt0.o (__libc_init_array)
d:/gnu toolchain/10 2021.10/bin/../lib/gcc/arm-none-eabi/10.3.1/../../../../arm-none-eabi/lib/thumb/v7e-m/nofp\libc_nano.a(lib_a-memset.o)
                              d:/gnu toolchain/10 2021.10/bin/../lib/gcc/arm-none-eabi/10.3.1/../../../../arm-none-eabi/lib/thumb/v7e-m/nofp/rdimon-crt0.o (memset)
d:/gnu toolchain/10 2021.10/bin/../lib/gcc/arm-none-eabi/10.3.1/../../../../arm-none-eabi/lib/thumb/v7e-m/nofp\librdimon_nano.a(rdimon-syscalls.o)
                              d:/gnu toolchain/10 2021.10/bin/../lib/gcc/arm-none-eabi/10.3.1/../../../../arm-none-eabi/lib/thumb/v7e-m/nofp/rdimon-crt0.o (initialise_monitor_handles)
d:/gnu toolchain/10 2021.10/bin/../lib/gcc/arm-none-eabi/10.3.1/../../../../arm-none-eabi/lib/thumb/v7e-m/nofp\librdimon_nano.a(rdimon-_exit.o)
                              d:/gnu toolchain/10 2021.10/bin/../lib/gcc/arm-none-eabi/10.3.1/../../../../arm-none-eabi/lib/thumb/v7e-m/nofp\libc_nano.a(lib_a-exit.o) (_exit)
d:/gnu toolchain/10 2021.10/bin/../lib/gcc/arm-none-eabi/10.3.1/../../../../arm-none-eabi/lib/thumb/v7e-m/nofp\librdimon_nano.a(rdimon-_kill.o)
                              d:/gnu toolchain/10 2021.10/bin/../lib/gcc/arm-none-eabi/10.3.1/../../../../arm-none-eabi/lib/thumb/v7e-m/nofp\librdimon_nano.a(rdimon-_exit.o) (_kill_shared)
d:/gnu toolchain/10 2021.10/bin/../lib/gcc/arm-none-eabi/10.3.1/../../../../arm-none-eabi/lib/thumb/v7e-m/nofp\libc_nano.a(lib_a-errno.o)
                              d:/gnu toolchain/10 2021.10/bin/../lib/gcc/arm-none-eabi/10.3.1/../../../../arm-none-eabi/lib/thumb/v7e-m/nofp\librdimon_nano.a(rdimon-syscalls.o) (__errno)
d:/gnu toolchain/10 2021.10/bin/../lib/gcc/arm-none-eabi/10.3.1/../../../../arm-none-eabi/lib/thumb/v7e-m/nofp\libc_nano.a(lib_a-findfp.o)
                              d:/gnu toolchain/10 2021.10/bin/../lib/gcc/arm-none-eabi/10.3.1/../../../../arm-none-eabi/lib/thumb/v7e-m/nofp\librdimon_nano.a(rdimon-syscalls.o) (__sinit)
d:/gnu toolchain/10 2021.10/bin/../lib/gcc/arm-none-eabi/10.3.1/../../../../arm-none-eabi/lib/thumb/v7e-m/nofp\libc_nano.a(lib_a-fwalk.o)
                              d:/gnu toolchain/10 2021.10/bin/../lib/gcc/arm-none-eabi/10.3.1/../../../../arm-none-eabi/lib/thumb/v7e-m/nofp\libc_nano.a(lib_a-findfp.o) (_fwalk)
d:/gnu toolchain/10 2021.10/bin/../lib/gcc/arm-none-eabi/10.3.1/../../../../arm-none-eabi/lib/thumb/v7e-m/nofp\libc_nano.a(lib_a-lock.o)
                              d:/gnu toolchain/10 2021.10/bin/../lib/gcc/arm-none-eabi/10.3.1/../../../../arm-none-eabi/lib/thumb/v7e-m/nofp\libc_nano.a(lib_a-findfp.o) (__retarget_lock_init_recursive)
d:/gnu toolchain/10 2021.10/bin/../lib/gcc/arm-none-eabi/10.3.1/../../../../arm-none-eabi/lib/thumb/v7e-m/nofp\libc_nano.a(lib_a-nano-mallocr.o)
                              d:/gnu toolchain/10 2021.10/bin/../lib/gcc/arm-none-eabi/10.3.1/../../../../arm-none-eabi/lib/thumb/v7e-m/nofp\libc_nano.a(lib_a-findfp.o) (_malloc_r)
d:/gnu toolchain/10 2021.10/bin/../lib/gcc/arm-none-eabi/10.3.1/../../../../arm-none-eabi/lib/thumb/v7e-m/nofp\libc_nano.a(lib_a-printf.o)
                              build/006_i2c_master_receiver.o (printf)
d:/gnu toolchain/10 2021.10/bin/../lib/gcc/arm-none-eabi/10.3.1/../../../../arm-none-eabi/lib/thumb/v7e-m/nofp\libc_nano.a(lib_a-puts.o)
                              build/006_i2c_master_receiver.o (puts)
d:/gnu toolchain/10 2021.10/bin/../lib/gcc/arm-none-eabi/10.3.1/../../../../arm-none-eabi/lib/thumb/v7e-m/nofp\libc_nano.a(lib_a-sbrkr.o)
                              d:/gnu toolchain/10 2021.10/bin/../lib/gcc/arm-none-eabi/10.3.1/../../../../arm-none-eabi/lib/thumb/v7e-m/nofp\libc_nano.a(lib_a-nano-mallocr.o) (_sbrk_r)
d:/gnu toolchain/10 2021.10/bin/../lib/gcc/arm-none-eabi/10.3.1/../../../../arm-none-eabi/lib/thumb/v7e-m/nofp\libc_nano.a(lib_a-stdio.o)
                              d:/gnu toolchain/10 2021.10/bin/../lib/gcc/arm-none-eabi/10.3.1/../../../../arm-none-eabi/lib/thumb/v7e-m/nofp\libc_nano.a(lib_a-findfp.o) (__sread)
[...]
Memory Configuration

Name             Origin             Length             Attributes
FLASH            0x08000000         0x00100000         xr
RAM              0x20000000         0x0001c000         xrw
*default*        0x00000000         0xffffffff

Linker script and memory map

LOAD d:/gnu toolchain/10 2021.10/bin/../lib/gcc/arm-none-eabi/10.3.1/thumb/v7e-m/nofp/crti.o
LOAD d:/gnu toolchain/10 2021.10/bin/../lib/gcc/arm-none-eabi/10.3.1/thumb/v7e-m/nofp/crtbegin.o
LOAD d:/gnu toolchain/10 2021.10/bin/../lib/gcc/arm-none-eabi/10.3.1/../../../../arm-none-eabi/lib/thumb/v7e-m/nofp/rdimon-crt0.o
LOAD d:/gnu toolchain/10 2021.10/bin/../lib/gcc/arm-none-eabi/10.3.1/../../../../arm-none-eabi/lib/thumb/v7e-m/nofp\libc_nano.a
LOAD d:/gnu toolchain/10 2021.10/bin/../lib/gcc/arm-none-eabi/10.3.1/../../../../arm-none-eabi/lib/thumb/v7e-m/nofp\libm.a
LOAD d:/gnu toolchain/10 2021.10/bin/../lib/gcc/arm-none-eabi/10.3.1/../../../../arm-none-eabi/lib/thumb/v7e-m/nofp\librdimon_nano.a
LOAD build/006_i2c_master_receiver.o
LOAD build/startup_stm32f407.o
LOAD build/stm32f407xxx_gpio_driver.o
LOAD build/stm32f407xxx_i2c_driver.o
LOAD build/stm32f407xxx_rcc_driver.o
LOAD build/stm32f407xxx_spi_driver.o
START GROUP
LOAD d:/gnu toolchain/10 2021.10/bin/../lib/gcc/arm-none-eabi/10.3.1/thumb/v7e-m/nofp\libgcc.a
LOAD d:/gnu toolchain/10 2021.10/bin/../lib/gcc/arm-none-eabi/10.3.1/../../../../arm-none-eabi/lib/thumb/v7e-m/nofp\libc_nano.a
END GROUP
START GROUP
LOAD d:/gnu toolchain/10 2021.10/bin/../lib/gcc/arm-none-eabi/10.3.1/thumb/v7e-m/nofp\libgcc.a
LOAD d:/gnu toolchain/10 2021.10/bin/../lib/gcc/arm-none-eabi/10.3.1/../../../../arm-none-eabi/lib/thumb/v7e-m/nofp\libc_nano.a
LOAD d:/gnu toolchain/10 2021.10/bin/../lib/gcc/arm-none-eabi/10.3.1/../../../../arm-none-eabi/lib/thumb/v7e-m/nofp\librdimon_nano.a
END GROUP
START GROUP
LOAD d:/gnu toolchain/10 2021.10/bin/../lib/gcc/arm-none-eabi/10.3.1/thumb/v7e-m/nofp\libgcc.a
LOAD d:/gnu toolchain/10 2021.10/bin/../lib/gcc/arm-none-eabi/10.3.1/../../../../arm-none-eabi/lib/thumb/v7e-m/nofp\libc_nano.a
LOAD d:/gnu toolchain/10 2021.10/bin/../lib/gcc/arm-none-eabi/10.3.1/../../../../arm-none-eabi/lib/thumb/v7e-m/nofp\librdimon_nano.a
END GROUP
LOAD d:/gnu toolchain/10 2021.10/bin/../lib/gcc/arm-none-eabi/10.3.1/thumb/v7e-m/nofp/crtend.o
LOAD d:/gnu toolchain/10 2021.10/bin/../lib/gcc/arm-none-eabi/10.3.1/thumb/v7e-m/nofp/crtn.o
                0x2001c000                _estack = (ORIGIN (RAM) + LENGTH (RAM))
                0x00001000                _Min_Heap_Size = 0x1000
                0x00001000                _Min_Stack_Size = 0x1000

.isr_vector     0x08000000      0x188
                0x08000000                . = ALIGN (0x4)
 *(.isr_vector)
 .isr_vector    0x08000000      0x188 build/startup_stm32f407.o
                0x08000000                vectors
                0x08000188                . = ALIGN (0x4)

.text           0x08000190     0x2778
                0x08000190                . = ALIGN (0x4)
 *(.text)
 .text          0x08000190       0x40 d:/gnu toolchain/10 2021.10/bin/../lib/gcc/arm-none-eabi/10.3.1/thumb/v7e-m/nofp/crtbegin.o
 .text          0x080001d0       0x10 d:/gnu toolchain/10 2021.10/bin/../lib/gcc/arm-none-eabi/10.3.1/../../../../arm-none-eabi/lib/thumb/v7e-m/nofp\libc_nano.a(lib_a-strlen.o)
                0x080001d0                strlen
 .text          0x080001e0       0xa0 d:/gnu toolchain/10 2021.10/bin/../lib/gcc/arm-none-eabi/10.3.1/../../../../arm-none-eabi/lib/thumb/v7e-m/nofp\libc_nano.a(lib_a-memchr.o)
                0x080001e0                memchr
 *(.text.*)
 .text.__libc_init_array
                0x08000280       0x48 d:/gnu toolchain/10 2021.10/bin/../lib/gcc/arm-none-eabi/10.3.1/../../../../arm-none-eabi/lib/thumb/v7e-m/nofp\libc_nano.a(lib_a-init.o)
                0x08000280                __libc_init_array
 .text.memset   0x080002c8       0x10 d:/gnu toolchain/10 2021.10/bin/../lib/gcc/arm-none-eabi/10.3.1/../../../../arm-none-eabi/lib/thumb/v7e-m/nofp\libc_nano.a(lib_a-memset.o)
                0x080002c8                memset
 .text.findslot
                0x080002d8       0x34 d:/gnu toolchain/10 2021.10/bin/../lib/gcc/arm-none-eabi/10.3.1/../../../../arm-none-eabi/lib/thumb/v7e-m/nofp\librdimon_nano.a(rdimon-syscalls.o)
 .text.error    0x0800030c       0x1c d:/gnu toolchain/10 2021.10/bin/../lib/gcc/arm-none-eabi/10.3.1/../../../../arm-none-eabi/lib/thumb/v7e-m/nofp\librdimon_nano.a(rdimon-syscalls.o)
 .text.checkerror
                0x08000328        0xa d:/gnu toolchain/10 2021.10/bin/../lib/gcc/arm-none-eabi/10.3.1/../../../../arm-none-eabi/lib/thumb/v7e-m/nofp\librdimon_nano.a(rdimon-syscalls.o)
 .text._swiread
                0x08000332       0x20 d:/gnu toolchain/10 2021.10/bin/../lib/gcc/arm-none-eabi/10.3.1/../../../../arm-none-eabi/lib/thumb/v7e-m/nofp\librdimon_nano.a(rdimon-syscalls.o)
                0x08000332                _swiread
 .text._read    0x08000352       0x34 d:/gnu toolchain/10 2021.10/bin/../lib/gcc/arm-none-eabi/10.3.1/../../../../arm-none-eabi/lib/thumb/v7e-m/nofp\librdimon_nano.a(rdimon-syscalls.o)
                0x08000352                _read
 .text._swilseek
                0x08000386       0x78 d:/gnu toolchain/10 2021.10/bin/../lib/gcc/arm-none-eabi/10.3.1/../../../../arm-none-eabi/lib/thumb/v7e-m/nofp\librdimon_nano.a(rdimon-syscalls.o)
                0x08000386                _swilseek
 .text._lseek   0x080003fe        0x4 d:/gnu toolchain/10 2021.10/bin/../lib/gcc/arm-none-eabi/10.3.1/../../../../arm-none-eabi/lib/thumb/v7e-m/nofp\librdimon_nano.a(rdimon-syscalls.o)
                0x080003fe                _lseek
 .text._swiwrite
                0x08000402       0x20 d:/gnu toolchain/10 2021.10/bin/../lib/gcc/arm-none-eabi/10.3.1/../../../../arm-none-eabi/lib/thumb/v7e-m/nofp\librdimon_nano.a(rdimon-syscalls.o)
                0x08000402                _swiwrite
 .text._write   0x08000422       0x40 d:/gnu toolchain/10 2021.10/bin/../lib/gcc/arm-none-eabi/10.3.1/../../../../arm-none-eabi/lib/thumb/v7e-m/nofp\librdimon_nano.a(rdimon-syscalls.o)
                0x08000422                _write
 .text._swiclose
                0x08000462       0x1a d:/gnu toolchain/10 2021.10/bin/../lib/gcc/arm-none-eabi/10.3.1/../../../../arm-none-eabi/lib/thumb/v7e-m/nofp\librdimon_nano.a(rdimon-syscalls.o)
                0x08000462                _swiclose
 .text._close   0x0800047c       0x4c d:/gnu toolchain/10 2021.10/bin/../lib/gcc/arm-none-eabi/10.3.1/../../../../arm-none-eabi/lib/thumb/v7e-m/nofp\librdimon_nano.a(rdimon-syscalls.o)
                0x0800047c                _close
 .text._sbrk    0x080004c8       0x48 d:/gnu toolchain/10 2021.10/bin/../lib/gcc/arm-none-eabi/10.3.1/../../../../arm-none-eabi/lib/thumb/v7e-m/nofp\librdimon_nano.a(rdimon-syscalls.o)
                0x080004c8                _sbrk
 .text._swistat
                0x08000510       0x42 d:/gnu toolchain/10 2021.10/bin/../lib/gcc/arm-none-eabi/10.3.1/../../../../arm-none-eabi/lib/thumb/v7e-m/nofp\librdimon_nano.a(rdimon-syscalls.o)
                0x08000510                _swistat
 .text._fstat   0x08000552       0x1c d:/gnu toolchain/10 2021.10/bin/../lib/gcc/arm-none-eabi/10.3.1/../../../../arm-none-eabi/lib/thumb/v7e-m/nofp\librdimon_nano.a(rdimon-syscalls.o)
                0x08000552                _fstat
 .text._stat    0x0800056e       0x3a d:/gnu toolchain/10 2021.10/bin/../lib/gcc/arm-none-eabi/10.3.1/../../../../arm-none-eabi/lib/thumb/v7e-m/nofp\librdimon_nano.a(rdimon-syscalls.o)
                0x0800056e                _stat
 .text._swiopen
                0x080005a8       0xb4 d:/gnu toolchain/10 2021.10/bin/../lib/gcc/arm-none-eabi/10.3.1/../../../../arm-none-eabi/lib/thumb/v7e-m/nofp\librdimon_nano.a(rdimon-syscalls.o)
                0x080005a8                _swiopen
 .text._get_semihosting_exts
                0x0800065c       0xb8 d:/gnu toolchain/10 2021.10/bin/../lib/gcc/arm-none-eabi/10.3.1/../../../../arm-none-eabi/lib/thumb/v7e-m/nofp\librdimon_nano.a(rdimon-syscalls.o)
                0x0800065c                _get_semihosting_exts
 .text.initialise_semihosting_exts
                0x08000714       0x34 d:/gnu toolchain/10 2021.10/bin/../lib/gcc/arm-none-eabi/10.3.1/../../../../arm-none-eabi/lib/thumb/v7e-m/nofp\librdimon_nano.a(rdimon-syscalls.o)
 .text._has_ext_stdout_stderr
                0x08000748       0x18 d:/gnu toolchain/10 2021.10/bin/../lib/gcc/arm-none-eabi/10.3.1/../../../../arm-none-eabi/lib/thumb/v7e-m/nofp\librdimon_nano.a(rdimon-syscalls.o)
                0x08000748                _has_ext_stdout_stderr
 .text.initialise_monitor_handles
                0x08000760       0xc0 d:/gnu toolchain/10 2021.10/bin/../lib/gcc/arm-none-eabi/10.3.1/../../../../arm-none-eabi/lib/thumb/v7e-m/nofp\librdimon_nano.a(rdimon-syscalls.o)
                0x08000760                initialise_monitor_handles
 .text._isatty  0x08000820       0x38 d:/gnu toolchain/10 2021.10/bin/../lib/gcc/arm-none-eabi/10.3.1/../../../../arm-none-eabi/lib/thumb/v7e-m/nofp\librdimon_nano.a(rdimon-syscalls.o)
                0x08000820                _isatty
 .text.delay    0x08000858       0x20 build/006_i2c_master_receiver.o
                0x08000858                delay
 .text.I2C2_GPIOInit
                0x08000878       0x44 build/006_i2c_master_receiver.o
                0x08000878                I2C2_GPIOInit
 .text.GPIOPin_Init
                0x080008bc       0x88 build/006_i2c_master_receiver.o
                0x080008bc                GPIOPin_Init
 .text.I2C2_Init
                0x08000944       0x38 build/006_i2c_master_receiver.o
                0x08000944                I2C2_Init
 .text.main     0x0800097c       0xec build/006_i2c_master_receiver.o
                0x0800097c                main
 .text.EXTI3_IRQHandler
                0x08000a68       0x2c build/006_i2c_master_receiver.o
                0x08000a68                EXTI3_IRQHandler
 .text.Default_Handler
                0x08000a94        0x6 build/startup_stm32f407.o
                0x08000a94                RTC_Alarm_IRQHandler
                0x08000a94                HASH_RNG_IRQHandler
                0x08000a94                EXTI2_IRQHandler
                0x08000a94                TIM8_CC_IRQHandler
                0x08000a94                DebugMon_Handler
                0x08000a94                TIM1_CC_IRQHandler
                0x08000a94                DMA2_Stream5_IRQHandler
                0x08000a94                HardFault_Handler
                0x08000a94                DMA1_Stream5_IRQHandler
                0x08000a94                SysTick_Handler
                0x08000a94                PVD_IRQHandler
                0x08000a94                SDIO_IRQHandler
                0x08000a94                TAMP_STAMP_IRQHandler
                0x08000a94                PendSV_Handler
                0x08000a94                NMI_Handler
                0x08000a94                CAN2_RX1_IRQHandler
                0x08000a94                TIM8_TRG_COM_TIM14_IRQHandler
                0x08000a94                TIM1_UP_TIM10_IRQHandler
                0x08000a94                TIM8_UP_TIM13_IRQHandler
                0x08000a94                I2C3_ER_IRQHandler
                0x08000a94                EXTI0_IRQHandler
                0x08000a94                I2C2_EV_IRQHandler
                0x08000a94                DMA1_Stream2_IRQHandler
                0x08000a94                CAN1_RX0_IRQHandler
                0x08000a94                FPU_IRQHandler
                0x08000a94                OTG_HS_WKUP_IRQHandler
                0x08000a94                UsageFault_Handler
                0x08000a94                CAN2_SCE_IRQHandler
                0x08000a94                DMA2_Stream2_IRQHandler
                0x08000a94                SPI1_IRQHandler
                0x08000a94                TIM6_DAC_IRQHandler
                0x08000a94                TIM1_BRK_TIM9_IRQHandler
                0x08000a94                DCMI_IRQHandler
                0x08000a94                CAN2_RX0_IRQHandler
                0x08000a94                DMA2_Stream3_IRQHandler
                0x08000a94                USART6_IRQHandler
                0x08000a94                USART3_IRQHandler
                0x08000a94                CRYP_IRQHandler
                0x08000a94                CAN1_RX1_IRQHandler
                0x08000a94                UART5_IRQHandler
                0x08000a94                DMA2_Stream0_IRQHandler
                0x08000a94                TIM4_IRQHandler
                0x08000a94                I2C1_EV_IRQHandler
                0x08000a94                DMA1_Stream6_IRQHandler
                0x08000a94                DMA1_Stream1_IRQHandler
                0x08000a94                UART4_IRQHandler
                0x08000a94                TIM3_IRQHandler
                0x08000a94                RCC_IRQHandler
                0x08000a94                TIM8_BRK_TIM12_IRQHandler
                0x08000a94                Default_Handler
                0x08000a94                EXTI15_10_IRQHandler
                0x08000a94                ADC_IRQHandler
                0x08000a94                DMA1_Stream7_IRQHandler
                0x08000a94                TIM7_IRQHandler
                0x08000a94                CAN2_TX_IRQHandler
                0x08000a94                TIM5_IRQHandler
                0x08000a94                DMA2_Stream7_IRQHandler
                0x08000a94                I2C3_EV_IRQHandler
                0x08000a94                EXTI9_5_IRQHandler
                0x08000a94                RTC_WKUP_IRQHandler
                0x08000a94                ETH_WKUP_IRQHandler
                0x08000a94                SPI2_IRQHandler
                0x08000a94                OTG_HS_EP1_IN_IRQHandler
                0x08000a94                MemManage_Handler
                0x08000a94                DMA1_Stream0_IRQHandler
                0x08000a94                CAN1_TX_IRQHandler
                0x08000a94                SVC_Handler
                0x08000a94                EXTI4_IRQHandler
                0x08000a94                FSMC_IRQHandler
                0x08000a94                ETH_IRQHandler
                0x08000a94                OTG_HS_EP1_OUT_IRQHandler
                0x08000a94                WWDG_IRQHandler
                0x08000a94                TIM2_IRQHandler
                0x08000a94                OTG_FS_WKUP_IRQHandler
                0x08000a94                TIM1_TRG_COM_TIM11_IRQHandler
                0x08000a94                OTG_HS_IRQHandler
                0x08000a94                EXTI1_IRQHandler
                0x08000a94                USART2_IRQHandler
                0x08000a94                I2C2_ER_IRQHandler
                0x08000a94                DMA2_Stream1_IRQHandler
                0x08000a94                CAN1_SCE_IRQHandler
                0x08000a94                FLASH_IRQHandler
                0x08000a94                DMA2_Stream4_IRQHandler
                0x08000a94                BusFault_Handler
                0x08000a94                USART1_IRQHandler
                0x08000a94                OTG_FS_IRQHandler
                0x08000a94                SPI3_IRQHandler
                0x08000a94                DMA1_Stream4_IRQHandler
                0x08000a94                I2C1_ER_IRQHandler
                0x08000a94                DMA2_Stream6_IRQHandler
                0x08000a94                DMA1_Stream3_IRQHandler
 *fill*         0x08000a9a        0x2 
 .text.Reset_Handler
                0x08000a9c       0x84 build/startup_stm32f407.o
                0x08000a9c                Reset_Handler
 .text.GPIO_PeripheralClockControl
                0x08000b20      0x108 build/stm32f407xxx_gpio_driver.o
                0x08000b20                GPIO_PeripheralClockControl
 .text.GPIO_Init
                0x08000c28      0x364 build/stm32f407xxx_gpio_driver.o
                0x08000c28                GPIO_Init
 .text.GPIO_WriteToOutputPin
                0x08000f8c       0x48 build/stm32f407xxx_gpio_driver.o
                0x08000f8c                GPIO_WriteToOutputPin
 .text.GPIO_IRQInterruptConfig
                0x08000fd4      0x108 build/stm32f407xxx_gpio_driver.o
                0x08000fd4                GPIO_IRQInterruptConfig
 .text.GPIO_IRQPriorityConfig
                0x080010dc       0x5a build/stm32f407xxx_gpio_driver.o
                0x080010dc                GPIO_IRQPriorityConfig
 *fill*         0x08001136        0x2 
 .text.GPIO_IRQHandling
                0x08001138       0x40 build/stm32f407xxx_gpio_driver.o
                0x08001138                GPIO_IRQHandling
 .text.I2C_ClearAddrFlag
                0x08001178       0x1e build/stm32f407xxx_i2c_driver.o
 .text.RCC_GetPLLOutputClock
                0x08001196        0xe build/stm32f407xxx_i2c_driver.o
                0x08001196                RCC_GetPLLOutputClock
 .text.RCC_GetPCLK1Value
                0x080011a4       0xb0 build/stm32f407xxx_i2c_driver.o
                0x080011a4                RCC_GetPCLK1Value
 .text.I2C_GenerateStartCondition
                0x08001254       0x1e build/stm32f407xxx_i2c_driver.o
 .text.I2C_GenerateStopCondition
                0x08001272       0x1e build/stm32f407xxx_i2c_driver.o
 .text.I2C_ExecuteAddressPhaseWrite
                0x08001290       0x7e build/stm32f407xxx_i2c_driver.o
 .text.I2C_ExecuteAddressPhaseRead
                0x0800130e       0xdc build/stm32f407xxx_i2c_driver.o
 .text.I2C_ManageAck
                0x080013ea       0x36 build/stm32f407xxx_i2c_driver.o
                0x080013ea                I2C_ManageAck
 .text.I2C_PeripheralClockControl
                0x08001420       0x6c build/stm32f407xxx_i2c_driver.o
                0x08001420                I2C_PeripheralClockControl
 .text.I2C_PeripheralControl
                0x0800148c       0x36 build/stm32f407xxx_i2c_driver.o
                0x0800148c                I2C_PeripheralControl
 *fill*         0x080014c2        0x2 
 .text.I2C_Init
                0x080014c4      0x188 build/stm32f407xxx_i2c_driver.o
                0x080014c4                I2C_Init
 .text.I2C_GetFlagStatus
                0x0800164c       0x26 build/stm32f407xxx_i2c_driver.o
                0x0800164c                I2C_GetFlagStatus
 .text.I2C_Master_SendData
                0x08001672       0xbe build/stm32f407xxx_i2c_driver.o
                0x08001672                I2C_Master_SendData
 .text.I2C_Master_ReceiveData
                0x08001730      0x1ba build/stm32f407xxx_i2c_driver.o
                0x08001730                I2C_Master_ReceiveData
 *fill*         0x080018ea        0x2 
 .text.__errno  0x080018ec        0xc d:/gnu toolchain/10 2021.10/bin/../lib/gcc/arm-none-eabi/10.3.1/../../../../arm-none-eabi/lib/thumb/v7e-m/nofp\libc_nano.a(lib_a-errno.o)
                0x080018ec                __errno
 .text.std      0x080018f8       0x48 d:/gnu toolchain/10 2021.10/bin/../lib/gcc/arm-none-eabi/10.3.1/../../../../arm-none-eabi/lib/thumb/v7e-m/nofp\libc_nano.a(lib_a-findfp.o)
 .text._cleanup_r
                0x08001940        0xc d:/gnu toolchain/10 2021.10/bin/../lib/gcc/arm-none-eabi/10.3.1/../../../../arm-none-eabi/lib/thumb/v7e-m/nofp\libc_nano.a(lib_a-findfp.o)
                0x08001940                _cleanup_r
 .text.__sfmoreglue
                0x0800194c       0x2c d:/gnu toolchain/10 2021.10/bin/../lib/gcc/arm-none-eabi/10.3.1/../../../../arm-none-eabi/lib/thumb/v7e-m/nofp\libc_nano.a(lib_a-findfp.o)
                0x0800194c                __sfmoreglue
 .text.__sfp_lock_acquire
                0x08001978        0xc d:/gnu toolchain/10 2021.10/bin/../lib/gcc/arm-none-eabi/10.3.1/../../../../arm-none-eabi/lib/thumb/v7e-m/nofp\libc_nano.a(lib_a-findfp.o)
                0x08001978                __sfp_lock_acquire
 .text.__sfp_lock_release
                0x08001984        0xc d:/gnu toolchain/10 2021.10/bin/../lib/gcc/arm-none-eabi/10.3.1/../../../../arm-none-eabi/lib/thumb/v7e-m/nofp\libc_nano.a(lib_a-findfp.o)
                0x08001984                __sfp_lock_release
 .text.__sinit_lock_acquire
                0x08001990        0xc d:/gnu toolchain/10 2021.10/bin/../lib/gcc/arm-none-eabi/10.3.1/../../../../arm-none-eabi/lib/thumb/v7e-m/nofp\libc_nano.a(lib_a-findfp.o)
                0x08001990                __sinit_lock_acquire
 .text.__sinit_lock_release
                0x0800199c        0xc d:/gnu toolchain/10 2021.10/bin/../lib/gcc/arm-none-eabi/10.3.1/../../../../arm-none-eabi/lib/thumb/v7e-m/nofp\libc_nano.a(lib_a-findfp.o)
                0x0800199c                __sinit_lock_release
 .text.__sinit  0x080019a8       0x70 d:/gnu toolchain/10 2021.10/bin/../lib/gcc/arm-none-eabi/10.3.1/../../../../arm-none-eabi/lib/thumb/v7e-m/nofp\libc_nano.a(lib_a-findfp.o)
                0x080019a8                __sinit
 .text.__sfp    0x08001a18       0x8c d:/gnu toolchain/10 2021.10/bin/../lib/gcc/arm-none-eabi/10.3.1/../../../../arm-none-eabi/lib/thumb/v7e-m/nofp\libc_nano.a(lib_a-findfp.o)
                0x08001a18                __sfp
 .text._fwalk_reent
                0x08001aa4       0x3e d:/gnu toolchain/10 2021.10/bin/../lib/gcc/arm-none-eabi/10.3.1/../../../../arm-none-eabi/lib/thumb/v7e-m/nofp\libc_nano.a(lib_a-fwalk.o)
                0x08001aa4                _fwalk_reent
 .text.__retarget_lock_init_recursive
                0x08001ae2        0x2 d:/gnu toolchain/10 2021.10/bin/../lib/gcc/arm-none-eabi/10.3.1/../../../../arm-none-eabi/lib/thumb/v7e-m/nofp\libc_nano.a(lib_a-lock.o)
                0x08001ae2                __retarget_lock_init_recursive
 .text.__retarget_lock_acquire_recursive
                0x08001ae4        0x2 d:/gnu toolchain/10 2021.10/bin/../lib/gcc/arm-none-eabi/10.3.1/../../../../arm-none-eabi/lib/thumb/v7e-m/nofp\libc_nano.a(lib_a-lock.o)
                0x08001ae4                __retarget_lock_acquire_recursive
 .text.__retarget_lock_release_recursive
                0x08001ae6        0x2 d:/gnu toolchain/10 2021.10/bin/../lib/gcc/arm-none-eabi/10.3.1/../../../../arm-none-eabi/lib/thumb/v7e-m/nofp\libc_nano.a(lib_a-lock.o)
                0x08001ae6                __retarget_lock_release_recursive
 .text.sbrk_aligned
                0x08001ae8       0x40 d:/gnu toolchain/10 2021.10/bin/../lib/gcc/arm-none-eabi/10.3.1/../../../../arm-none-eabi/lib/thumb/v7e-m/nofp\libc_nano.a(lib_a-nano-mallocr.o)
 .text._malloc_r
                0x08001b28       0xe8 d:/gnu toolchain/10 2021.10/bin/../lib/gcc/arm-none-eabi/10.3.1/../../../../arm-none-eabi/lib/thumb/v7e-m/nofp\libc_nano.a(lib_a-nano-mallocr.o)
                0x08001b28                _malloc_r
 .text.printf   0x08001c10       0x30 d:/gnu toolchain/10 2021.10/bin/../lib/gcc/arm-none-eabi/10.3.1/../../../../arm-none-eabi/lib/thumb/v7e-m/nofp\libc_nano.a(lib_a-printf.o)
                0x08001c10                iprintf
                0x08001c10                printf
 .text._puts_r  0x08001c40       0xdc d:/gnu toolchain/10 2021.10/bin/../lib/gcc/arm-none-eabi/10.3.1/../../../../arm-none-eabi/lib/thumb/v7e-m/nofp\libc_nano.a(lib_a-puts.o)
                0x08001c40                _puts_r
 .text.puts     0x08001d1c       0x10 d:/gnu toolchain/10 2021.10/bin/../lib/gcc/arm-none-eabi/10.3.1/../../../../arm-none-eabi/lib/thumb/v7e-m/nofp\libc_nano.a(lib_a-puts.o)
                0x08001d1c                puts
 .text._sbrk_r  0x08001d2c       0x20 d:/gnu toolchain/10 2021.10/bin/../lib/gcc/arm-none-eabi/10.3.1/../../../../arm-none-eabi/lib/thumb/v7e-m/nofp\libc_nano.a(lib_a-sbrkr.o)
                0x08001d2c                _sbrk_r
 .text.__sread  0x08001d4c       0x22 d:/gnu toolchain/10 2021.10/bin/../lib/gcc/arm-none-eabi/10.3.1/../../../../arm-none-eabi/lib/thumb/v7e-m/nofp\libc_nano.a(lib_a-stdio.o)
                0x08001d4c                __sread
 .text.__swrite
                0x08001d6e       0x38 d:/gnu toolchain/10 2021.10/bin/../lib/gcc/arm-none-eabi/10.3.1/../../../../arm-none-eabi/lib/thumb/v7e-m/nofp\libc_nano.a(lib_a-stdio.o)
                0x08001d6e                __swrite
 .text.__sseek  0x08001da6       0x24 d:/gnu toolchain/10 2021.10/bin/../lib/gcc/arm-none-eabi/10.3.1/../../../../arm-none-eabi/lib/thumb/v7e-m/nofp\libc_nano.a(lib_a-stdio.o)
                0x08001da6                __sseek
 .text.__sclose
                0x08001dca        0x8 d:/gnu toolchain/10 2021.10/bin/../lib/gcc/arm-none-eabi/10.3.1/../../../../arm-none-eabi/lib/thumb/v7e-m/nofp\libc_nano.a(lib_a-stdio.o)
                0x08001dca                __sclose
 *fill*         0x08001dd2        0x2 
 .text.__swbuf_r
                0x08001dd4       0xa4 d:/gnu toolchain/10 2021.10/bin/../lib/gcc/arm-none-eabi/10.3.1/../../../../arm-none-eabi/lib/thumb/v7e-m/nofp\libc_nano.a(lib_a-wbuf.o)
                0x08001dd4                __swbuf_r
 .text._write_r
                0x08001e78       0x24 d:/gnu toolchain/10 2021.10/bin/../lib/gcc/arm-none-eabi/10.3.1/../../../../arm-none-eabi/lib/thumb/v7e-m/nofp\libc_nano.a(lib_a-writer.o)
                0x08001e78                _write_r
 .text.__swsetup_r
                0x08001e9c       0xdc d:/gnu toolchain/10 2021.10/bin/../lib/gcc/arm-none-eabi/10.3.1/../../../../arm-none-eabi/lib/thumb/v7e-m/nofp\libc_nano.a(lib_a-wsetup.o)
                0x08001e9c                __swsetup_r
 .text._close_r
                0x08001f78       0x20 d:/gnu toolchain/10 2021.10/bin/../lib/gcc/arm-none-eabi/10.3.1/../../../../arm-none-eabi/lib/thumb/v7e-m/nofp\libc_nano.a(lib_a-closer.o)
                0x08001f78                _close_r
 .text.__sflush_r
                0x08001f98      0x104 d:/gnu toolchain/10 2021.10/bin/../lib/gcc/arm-none-eabi/10.3.1/../../../../arm-none-eabi/lib/thumb/v7e-m/nofp\libc_nano.a(lib_a-fflush.o)
                0x08001f98                __sflush_r
 .text._fflush_r
                0x0800209c       0x78 d:/gnu toolchain/10 2021.10/bin/../lib/gcc/arm-none-eabi/10.3.1/../../../../arm-none-eabi/lib/thumb/v7e-m/nofp\libc_nano.a(lib_a-fflush.o)
                0x0800209c                _fflush_r
 .text._lseek_r
                0x08002114       0x24 d:/gnu toolchain/10 2021.10/bin/../lib/gcc/arm-none-eabi/10.3.1/../../../../arm-none-eabi/lib/thumb/v7e-m/nofp\libc_nano.a(lib_a-lseekr.o)
                0x08002114                _lseek_r
 .text.__swhatbuf_r
                0x08002138       0x4a d:/gnu toolchain/10 2021.10/bin/../lib/gcc/arm-none-eabi/10.3.1/../../../../arm-none-eabi/lib/thumb/v7e-m/nofp\libc_nano.a(lib_a-makebuf.o)
                0x08002138                __swhatbuf_r
 *fill*         0x08002182        0x2 
 .text.__smakebuf_r
                0x08002184       0x80 d:/gnu toolchain/10 2021.10/bin/../lib/gcc/arm-none-eabi/10.3.1/../../../../arm-none-eabi/lib/thumb/v7e-m/nofp\libc_nano.a(lib_a-makebuf.o)
                0x08002184                __smakebuf_r
 .text.__malloc_lock
                0x08002204        0xc d:/gnu toolchain/10 2021.10/bin/../lib/gcc/arm-none-eabi/10.3.1/../../../../arm-none-eabi/lib/thumb/v7e-m/nofp\libc_nano.a(lib_a-mlock.o)
                0x08002204                __malloc_lock
 .text.__malloc_unlock
                0x08002210        0xc d:/gnu toolchain/10 2021.10/bin/../lib/gcc/arm-none-eabi/10.3.1/../../../../arm-none-eabi/lib/thumb/v7e-m/nofp\libc_nano.a(lib_a-mlock.o)
                0x08002210                __malloc_unlock
 .text._free_r  0x0800221c       0x94 d:/gnu toolchain/10 2021.10/bin/../lib/gcc/arm-none-eabi/10.3.1/../../../../arm-none-eabi/lib/thumb/v7e-m/nofp\libc_nano.a(lib_a-nano-freer.o)
                0x0800221c                _free_r
 .text.__sfputc_r
                0x080022b0       0x2a d:/gnu toolchain/10 2021.10/bin/../lib/gcc/arm-none-eabi/10.3.1/../../../../arm-none-eabi/lib/thumb/v7e-m/nofp\libc_nano.a(lib_a-nano-vfprintf.o)
 .text.__sfputs_r
                0x080022da       0x24 d:/gnu toolchain/10 2021.10/bin/../lib/gcc/arm-none-eabi/10.3.1/../../../../arm-none-eabi/lib/thumb/v7e-m/nofp\libc_nano.a(lib_a-nano-vfprintf.o)
                0x080022da                __sfputs_r
 *fill*         0x080022fe        0x2 
 .text._vfprintf_r
                0x08002300      0x260 d:/gnu toolchain/10 2021.10/bin/../lib/gcc/arm-none-eabi/10.3.1/../../../../arm-none-eabi/lib/thumb/v7e-m/nofp\libc_nano.a(lib_a-nano-vfprintf.o)
                0x08002300                _vfprintf_r
                0x08002300                _vfiprintf_r
 .text._printf_common
                0x08002560       0xda d:/gnu toolchain/10 2021.10/bin/../lib/gcc/arm-none-eabi/10.3.1/../../../../arm-none-eabi/lib/thumb/v7e-m/nofp\libc_nano.a(lib_a-nano-vfprintf_i.o)
                0x08002560                _printf_common
 *fill*         0x0800263a        0x2 
 .text._printf_i
                0x0800263c      0x24c d:/gnu toolchain/10 2021.10/bin/../lib/gcc/arm-none-eabi/10.3.1/../../../../arm-none-eabi/lib/thumb/v7e-m/nofp\libc_nano.a(lib_a-nano-vfprintf_i.o)
                0x0800263c                _printf_i
 .text._read_r  0x08002888       0x24 d:/gnu toolchain/10 2021.10/bin/../lib/gcc/arm-none-eabi/10.3.1/../../../../arm-none-eabi/lib/thumb/v7e-m/nofp\libc_nano.a(lib_a-readr.o)
                0x08002888                _read_r
 .text._fstat_r
                0x080028ac       0x24 d:/gnu toolchain/10 2021.10/bin/../lib/gcc/arm-none-eabi/10.3.1/../../../../arm-none-eabi/lib/thumb/v7e-m/nofp\libc_nano.a(lib_a-fstatr.o)
                0x080028ac                _fstat_r
 .text._isatty_r
                0x080028d0       0x20 d:/gnu toolchain/10 2021.10/bin/../lib/gcc/arm-none-eabi/10.3.1/../../../../arm-none-eabi/lib/thumb/v7e-m/nofp\libc_nano.a(lib_a-isattyr.o)
                0x080028d0                _isatty_r
 *(.init)
 .init          0x080028f0        0x4 d:/gnu toolchain/10 2021.10/bin/../lib/gcc/arm-none-eabi/10.3.1/thumb/v7e-m/nofp/crti.o
                0x080028f0                _init
 .init          0x080028f4        0x8 d:/gnu toolchain/10 2021.10/bin/../lib/gcc/arm-none-eabi/10.3.1/thumb/v7e-m/nofp/crtn.o
 *(.fini)
 .fini          0x080028fc        0x4 d:/gnu toolchain/10 2021.10/bin/../lib/gcc/arm-none-eabi/10.3.1/thumb/v7e-m/nofp/crti.o
                0x080028fc                _fini
 .fini          0x08002900        0x8 d:/gnu toolchain/10 2021.10/bin/../lib/gcc/arm-none-eabi/10.3.1/thumb/v7e-m/nofp/crtn.o
                0x08002908                . = ALIGN (0x4)

.glue_7         0x08002908        0x0
 .glue_7        0x08002908        0x0 linker stubs

.glue_7t        0x08002908        0x0
 .glue_7t       0x08002908        0x0 linker stubs

.vfp11_veneer   0x08002908        0x0
 .vfp11_veneer  0x08002908        0x0 linker stubs

.v4_bx          0x08002908        0x0
 .v4_bx         0x08002908        0x0 linker stubs

.iplt           0x08002908        0x0
 .iplt          0x08002908        0x0 d:/gnu toolchain/10 2021.10/bin/../lib/gcc/arm-none-eabi/10.3.1/thumb/v7e-m/nofp/crtbegin.o

.rodata         0x08002908       0xec
                0x08002908                . = ALIGN (0x4)
 *(.rodata)
 .rodata        0x08002908       0x37 build/006_i2c_master_receiver.o
 *(.rodata.*)
 *fill*         0x0800293f        0x1 
 .rodata._global_impure_ptr
                0x08002940        0x4 d:/gnu toolchain/10 2021.10/bin/../lib/gcc/arm-none-eabi/10.3.1/../../../../arm-none-eabi/lib/thumb/v7e-m/nofp\libc_nano.a(lib_a-impure.o)
                0x08002940                _global_impure_ptr
 .rodata._get_semihosting_exts.str1.1
                0x08002944       0x16 d:/gnu toolchain/10 2021.10/bin/../lib/gcc/arm-none-eabi/10.3.1/../../../../arm-none-eabi/lib/thumb/v7e-m/nofp\librdimon_nano.a(rdimon-syscalls.o)
 .rodata.initialise_monitor_handles.str1.1
                0x0800295a        0x4 d:/gnu toolchain/10 2021.10/bin/../lib/gcc/arm-none-eabi/10.3.1/../../../../arm-none-eabi/lib/thumb/v7e-m/nofp\librdimon_nano.a(rdimon-syscalls.o)
 *fill*         0x0800295e        0x2 
 .rodata.__sf_fake_stderr
                0x08002960       0x20 d:/gnu toolchain/10 2021.10/bin/../lib/gcc/arm-none-eabi/10.3.1/../../../../arm-none-eabi/lib/thumb/v7e-m/nofp\libc_nano.a(lib_a-findfp.o)
                0x08002960                __sf_fake_stderr
 .rodata.__sf_fake_stdin
                0x08002980       0x20 d:/gnu toolchain/10 2021.10/bin/../lib/gcc/arm-none-eabi/10.3.1/../../../../arm-none-eabi/lib/thumb/v7e-m/nofp\libc_nano.a(lib_a-findfp.o)
                0x08002980                __sf_fake_stdin
 .rodata.__sf_fake_stdout
                0x080029a0       0x20 d:/gnu toolchain/10 2021.10/bin/../lib/gcc/arm-none-eabi/10.3.1/../../../../arm-none-eabi/lib/thumb/v7e-m/nofp\libc_nano.a(lib_a-findfp.o)
                0x080029a0                __sf_fake_stdout
 .rodata._vfprintf_r.str1.1
                0x080029c0       0x11 d:/gnu toolchain/10 2021.10/bin/../lib/gcc/arm-none-eabi/10.3.1/../../../../arm-none-eabi/lib/thumb/v7e-m/nofp\libc_nano.a(lib_a-nano-vfprintf.o)
 .rodata._printf_i.str1.1
                0x080029d1       0x22 d:/gnu toolchain/10 2021.10/bin/../lib/gcc/arm-none-eabi/10.3.1/../../../../arm-none-eabi/lib/thumb/v7e-m/nofp\libc_nano.a(lib_a-nano-vfprintf_i.o)
                0x080029f4                . = ALIGN (0x4)
 *fill*         0x080029f3        0x1 

.eh_frame       0x080029f4        0x0
 .eh_frame      0x080029f4        0x0 d:/gnu toolchain/10 2021.10/bin/../lib/gcc/arm-none-eabi/10.3.1/thumb/v7e-m/nofp/crtbegin.o

.rel.dyn        0x080029f4        0x0
 .rel.iplt      0x080029f4        0x0 d:/gnu toolchain/10 2021.10/bin/../lib/gcc/arm-none-eabi/10.3.1/thumb/v7e-m/nofp/crtbegin.o

.preinit_array  0x080029f4        0x0
                0x080029f4                PROVIDE (__preinit_array_start = .)
 *(.preinit_array*)
                0x080029f4                PROVIDE (__preinit_array_end = .)

.init_array     0x080029f4        0x4
                0x080029f4                PROVIDE (__init_array_start = .)
 *(SORT_BY_NAME(.init_array.*))
 *(.init_array*)
 .init_array    0x080029f4        0x4 d:/gnu toolchain/10 2021.10/bin/../lib/gcc/arm-none-eabi/10.3.1/thumb/v7e-m/nofp/crtbegin.o
                0x080029f8                PROVIDE (__init_array_end = .)

.fini_array     0x080029f8        0x4
                [!provide]                PROVIDE (__fini_array_start = .)
 *(SORT_BY_NAME(.fini_array.*))
 *(.fini_array*)
 .fini_array    0x080029f8        0x4 d:/gnu toolchain/10 2021.10/bin/../lib/gcc/arm-none-eabi/10.3.1/thumb/v7e-m/nofp/crtbegin.o
                [!provide]                PROVIDE (__fini_array_end = .)
                0x080029fc                _sidata = LOADADDR (.data)

.data           0x20000000       0x88 load address 0x080029fc
                0x20000000                . = ALIGN (0x4)
                0x20000000                _sdata = .
 *(.data)
 *(.data.*)
 .data._impure_ptr
                0x20000000        0x4 d:/gnu toolchain/10 2021.10/bin/../lib/gcc/arm-none-eabi/10.3.1/../../../../arm-none-eabi/lib/thumb/v7e-m/nofp\libc_nano.a(lib_a-impure.o)
                0x20000000                _impure_ptr
 .data.impure_data
                0x20000004       0x60 d:/gnu toolchain/10 2021.10/bin/../lib/gcc/arm-none-eabi/10.3.1/../../../../arm-none-eabi/lib/thumb/v7e-m/nofp\libc_nano.a(lib_a-impure.o)
 .data.__heap_limit
                0x20000064        0x4 d:/gnu toolchain/10 2021.10/bin/../lib/gcc/arm-none-eabi/10.3.1/../../../../arm-none-eabi/lib/thumb/v7e-m/nofp\librdimon_nano.a(rdimon-syscalls.o)
                0x20000064                __heap_limit
 .data.supports_ext_exit_extended
                0x20000068        0x4 d:/gnu toolchain/10 2021.10/bin/../lib/gcc/arm-none-eabi/10.3.1/../../../../arm-none-eabi/lib/thumb/v7e-m/nofp\librdimon_nano.a(rdimon-syscalls.o)
 .data.supports_ext_stdout_stderr
                0x2000006c        0x4 d:/gnu toolchain/10 2021.10/bin/../lib/gcc/arm-none-eabi/10.3.1/../../../../arm-none-eabi/lib/thumb/v7e-m/nofp\librdimon_nano.a(rdimon-syscalls.o)
 .data.AHB_Prescaler
                0x20000070       0x10 build/stm32f407xxx_i2c_driver.o
                0x20000070                AHB_Prescaler
 .data.APB1_Prescaler
                0x20000080        0x8 build/stm32f407xxx_i2c_driver.o
                0x20000080                APB1_Prescaler
                0x20000088                . = ALIGN (0x4)
                0x20000088                _edata = .

.igot.plt       0x20000088        0x0 load address 0x08002a84
 .igot.plt      0x20000088        0x0 d:/gnu toolchain/10 2021.10/bin/../lib/gcc/arm-none-eabi/10.3.1/thumb/v7e-m/nofp/crtbegin.o

.bss            0x20000088      0x110 load address 0x08002a84
                0x20000088                . = ALIGN (0x4)
                0x20000088                _sbss = .
 *(.bss)
 .bss           0x20000088       0x1c d:/gnu toolchain/10 2021.10/bin/../lib/gcc/arm-none-eabi/10.3.1/thumb/v7e-m/nofp/crtbegin.o
 *(.bss.*)
 .bss.heap_end.0
                0x200000a4        0x4 d:/gnu toolchain/10 2021.10/bin/../lib/gcc/arm-none-eabi/10.3.1/../../../../arm-none-eabi/lib/thumb/v7e-m/nofp\librdimon_nano.a(rdimon-syscalls.o)
 .bss.monitor_stderr
                0x200000a8        0x4 d:/gnu toolchain/10 2021.10/bin/../lib/gcc/arm-none-eabi/10.3.1/../../../../arm-none-eabi/lib/thumb/v7e-m/nofp\librdimon_nano.a(rdimon-syscalls.o)
 .bss.monitor_stdin
                0x200000ac        0x4 d:/gnu toolchain/10 2021.10/bin/../lib/gcc/arm-none-eabi/10.3.1/../../../../arm-none-eabi/lib/thumb/v7e-m/nofp\librdimon_nano.a(rdimon-syscalls.o)
 .bss.monitor_stdout
                0x200000b0        0x4 d:/gnu toolchain/10 2021.10/bin/../lib/gcc/arm-none-eabi/10.3.1/../../../../arm-none-eabi/lib/thumb/v7e-m/nofp\librdimon_nano.a(rdimon-syscalls.o)
 .bss.openfiles
                0x200000b4       0xa0 d:/gnu toolchain/10 2021.10/bin/../lib/gcc/arm-none-eabi/10.3.1/../../../../arm-none-eabi/lib/thumb/v7e-m/nofp\librdimon_nano.a(rdimon-syscalls.o)
 .bss.i2cHandle
                0x20000154       0x1c build/006_i2c_master_receiver.o
                0x20000154                i2cHandle
 .bss.gpioLED   0x20000170        0xc build/006_i2c_master_receiver.o
                0x20000170                gpioLED
 .bss.receivingButton
                0x2000017c        0xc build/006_i2c_master_receiver.o
                0x2000017c                receivingButton
 .bss.isDataAvailable
                0x20000188        0x1 build/006_i2c_master_receiver.o
                0x20000188                isDataAvailable
 .bss.__lock___malloc_recursive_mutex
                0x20000189        0x1 d:/gnu toolchain/10 2021.10/bin/../lib/gcc/arm-none-eabi/10.3.1/../../../../arm-none-eabi/lib/thumb/v7e-m/nofp\libc_nano.a(lib_a-lock.o)
                0x20000189                __lock___malloc_recursive_mutex
 .bss.__lock___sfp_recursive_mutex
                0x2000018a        0x1 d:/gnu toolchain/10 2021.10/bin/../lib/gcc/arm-none-eabi/10.3.1/../../../../arm-none-eabi/lib/thumb/v7e-m/nofp\libc_nano.a(lib_a-lock.o)
                0x2000018a                __lock___sfp_recursive_mutex
 .bss.__lock___sinit_recursive_mutex
                0x2000018b        0x1 d:/gnu toolchain/10 2021.10/bin/../lib/gcc/arm-none-eabi/10.3.1/../../../../arm-none-eabi/lib/thumb/v7e-m/nofp\libc_nano.a(lib_a-lock.o)
                0x2000018b                __lock___sinit_recursive_mutex
 .bss.__malloc_free_list
                0x2000018c        0x4 d:/gnu toolchain/10 2021.10/bin/../lib/gcc/arm-none-eabi/10.3.1/../../../../arm-none-eabi/lib/thumb/v7e-m/nofp\libc_nano.a(lib_a-nano-mallocr.o)
                0x2000018c                __malloc_free_list
 .bss.__malloc_sbrk_start
                0x20000190        0x4 d:/gnu toolchain/10 2021.10/bin/../lib/gcc/arm-none-eabi/10.3.1/../../../../arm-none-eabi/lib/thumb/v7e-m/nofp\libc_nano.a(lib_a-nano-mallocr.o)
                0x20000190                __malloc_sbrk_start
 .bss.errno     0x20000194        0x4 d:/gnu toolchain/10 2021.10/bin/../lib/gcc/arm-none-eabi/10.3.1/../../../../arm-none-eabi/lib/thumb/v7e-m/nofp\libc_nano.a(lib_a-reent.o)
                0x20000194                errno
 *(COMMON)
                0x20000198                . = ALIGN (0x4)
                0x20000198                _ebss = .

._user_heap_stack
                0x20000198     0x2000 load address 0x08002a84
                0x20000198                . = ALIGN (0x8)
                0x20000198                PROVIDE (end = .)
                [!provide]                PROVIDE (_end = .)
                0x20000198                PROVIDE (__end__ = .)
                0x20001198                . = (. + _Min_Heap_Size)
 *fill*         0x20000198     0x1000 
                0x20002198                . = (. + _Min_Stack_Size)
 *fill*         0x20001198     0x1000 
                0x20002198                . = ALIGN (0x8)
OUTPUT(build/006_i2c_master_receiver.elf elf32-littlearm)
LOAD linker stubs

.ARM.attributes
                0x00000000       0x2a
 .ARM.attributes
                0x00000000       0x1e d:/gnu toolchain/10 2021.10/bin/../lib/gcc/arm-none-eabi/10.3.1/thumb/v7e-m/nofp/crti.o
 .ARM.attributes
                0x0000001e       0x2e d:/gnu toolchain/10 2021.10/bin/../lib/gcc/arm-none-eabi/10.3.1/thumb/v7e-m/nofp/crtbegin.o
 .ARM.attributes
                0x0000004c       0x2e d:/gnu toolchain/10 2021.10/bin/../lib/gcc/arm-none-eabi/10.3.1/../../../../arm-none-eabi/lib/thumb/v7e-m/nofp\libc_nano.a(lib_a-impure.o)
 .ARM.attributes
                0x0000007a       0x2e d:/gnu toolchain/10 2021.10/bin/../lib/gcc/arm-none-eabi/10.3.1/../../../../arm-none-eabi/lib/thumb/v7e-m/nofp\libc_nano.a(lib_a-init.o)
 .ARM.attributes
                0x000000a8       0x2e d:/gnu toolchain/10 2021.10/bin/../lib/gcc/arm-none-eabi/10.3.1/../../../../arm-none-eabi/lib/thumb/v7e-m/nofp\libc_nano.a(lib_a-memset.o)
 .ARM.attributes
                0x000000d6       0x2e d:/gnu toolchain/10 2021.10/bin/../lib/gcc/arm-none-eabi/10.3.1/../../../../arm-none-eabi/lib/thumb/v7e-m/nofp\librdimon_nano.a(rdimon-syscalls.o)
 .ARM.attributes
                0x00000104       0x2e build/006_i2c_master_receiver.o
 .ARM.attributes
                0x00000132       0x2e build/startup_stm32f407.o
 .ARM.attributes
                0x00000160       0x2e build/stm32f407xxx_gpio_driver.o
 .ARM.attributes
                0x0000018e       0x2e build/stm32f407xxx_i2c_driver.o
 .ARM.attributes
                0x000001bc       0x2e d:/gnu toolchain/10 2021.10/bin/../lib/gcc/arm-none-eabi/10.3.1/../../../../arm-none-eabi/lib/thumb/v7e-m/nofp\libc_nano.a(lib_a-errno.o)
 .ARM.attributes
                0x000001ea       0x2e d:/gnu toolchain/10 2021.10/bin/../lib/gcc/arm-none-eabi/10.3.1/../../../../arm-none-eabi/lib/thumb/v7e-m/nofp\libc_nano.a(lib_a-findfp.o)
 .ARM.attributes
                0x00000218       0x2e d:/gnu toolchain/10 2021.10/bin/../lib/gcc/arm-none-eabi/10.3.1/../../../../arm-none-eabi/lib/thumb/v7e-m/nofp\libc_nano.a(lib_a-fwalk.o)
 .ARM.attributes
                0x00000246       0x2e d:/gnu toolchain/10 2021.10/bin/../lib/gcc/arm-none-eabi/10.3.1/../../../../arm-none-eabi/lib/thumb/v7e-m/nofp\libc_nano.a(lib_a-lock.o)
 .ARM.attributes
                0x00000274       0x2e d:/gnu toolchain/10 2021.10/bin/../lib/gcc/arm-none-eabi/10.3.1/../../../../arm-none-eabi/lib/thumb/v7e-m/nofp\libc_nano.a(lib_a-nano-mallocr.o)
 .ARM.attributes
                0x000002a2       0x2e d:/gnu toolchain/10 2021.10/bin/../lib/gcc/arm-none-eabi/10.3.1/../../../../arm-none-eabi/lib/thumb/v7e-m/nofp\libc_nano.a(lib_a-printf.o)
 .ARM.attributes
                0x000002d0       0x2e d:/gnu toolchain/10 2021.10/bin/../lib/gcc/arm-none-eabi/10.3.1/../../../../arm-none-eabi/lib/thumb/v7e-m/nofp\libc_nano.a(lib_a-puts.o)
 .ARM.attributes
                0x000002fe       0x2e d:/gnu toolchain/10 2021.10/bin/../lib/gcc/arm-none-eabi/10.3.1/../../../../arm-none-eabi/lib/thumb/v7e-m/nofp\libc_nano.a(lib_a-sbrkr.o)
 .ARM.attributes
                0x0000032c       0x2e d:/gnu toolchain/10 2021.10/bin/../lib/gcc/arm-none-eabi/10.3.1/../../../../arm-none-eabi/lib/thumb/v7e-m/nofp\libc_nano.a(lib_a-stdio.o)
 .ARM.attributes
                0x0000035a       0x17 d:/gnu toolchain/10 2021.10/bin/../lib/gcc/arm-none-eabi/10.3.1/../../../../arm-none-eabi/lib/thumb/v7e-m/nofp\libc_nano.a(lib_a-strlen.o)
 .ARM.attributes
                0x00000371       0x2e d:/gnu toolchain/10 2021.10/bin/../lib/gcc/arm-none-eabi/10.3.1/../../../../arm-none-eabi/lib/thumb/v7e-m/nofp\libc_nano.a(lib_a-wbuf.o)
 .ARM.attributes
                0x0000039f       0x2e d:/gnu toolchain/10 2021.10/bin/../lib/gcc/arm-none-eabi/10.3.1/../../../../arm-none-eabi/lib/thumb/v7e-m/nofp\libc_nano.a(lib_a-writer.o)
 .ARM.attributes
                0x000003cd       0x2e d:/gnu toolchain/10 2021.10/bin/../lib/gcc/arm-none-eabi/10.3.1/../../../../arm-none-eabi/lib/thumb/v7e-m/nofp\libc_nano.a(lib_a-wsetup.o)
 .ARM.attributes
                0x000003fb       0x2e d:/gnu toolchain/10 2021.10/bin/../lib/gcc/arm-none-eabi/10.3.1/../../../../arm-none-eabi/lib/thumb/v7e-m/nofp\libc_nano.a(lib_a-closer.o)
 .ARM.attributes
                0x00000429       0x2e d:/gnu toolchain/10 2021.10/bin/../lib/gcc/arm-none-eabi/10.3.1/../../../../arm-none-eabi/lib/thumb/v7e-m/nofp\libc_nano.a(lib_a-fflush.o)
 .ARM.attributes
                0x00000457       0x2e d:/gnu toolchain/10 2021.10/bin/../lib/gcc/arm-none-eabi/10.3.1/../../../../arm-none-eabi/lib/thumb/v7e-m/nofp\libc_nano.a(lib_a-lseekr.o)
 .ARM.attributes
                0x00000485       0x2e d:/gnu toolchain/10 2021.10/bin/../lib/gcc/arm-none-eabi/10.3.1/../../../../arm-none-eabi/lib/thumb/v7e-m/nofp\libc_nano.a(lib_a-makebuf.o)
 .ARM.attributes
                0x000004b3       0x2e d:/gnu toolchain/10 2021.10/bin/../lib/gcc/arm-none-eabi/10.3.1/../../../../arm-none-eabi/lib/thumb/v7e-m/nofp\libc_nano.a(lib_a-mlock.o)
 .ARM.attributes
                0x000004e1       0x2e d:/gnu toolchain/10 2021.10/bin/../lib/gcc/arm-none-eabi/10.3.1/../../../../arm-none-eabi/lib/thumb/v7e-m/nofp\libc_nano.a(lib_a-nano-freer.o)
 .ARM.attributes
                0x0000050f       0x2e d:/gnu toolchain/10 2021.10/bin/../lib/gcc/arm-none-eabi/10.3.1/../../../../arm-none-eabi/lib/thumb/v7e-m/nofp\libc_nano.a(lib_a-nano-vfprintf.o)
 .ARM.attributes
                0x0000053d       0x2e d:/gnu toolchain/10 2021.10/bin/../lib/gcc/arm-none-eabi/10.3.1/../../../../arm-none-eabi/lib/thumb/v7e-m/nofp\libc_nano.a(lib_a-nano-vfprintf_i.o)
 .ARM.attributes
                0x0000056b       0x2e d:/gnu toolchain/10 2021.10/bin/../lib/gcc/arm-none-eabi/10.3.1/../../../../arm-none-eabi/lib/thumb/v7e-m/nofp\libc_nano.a(lib_a-readr.o)
 .ARM.attributes
                0x00000599       0x2e d:/gnu toolchain/10 2021.10/bin/../lib/gcc/arm-none-eabi/10.3.1/../../../../arm-none-eabi/lib/thumb/v7e-m/nofp\libc_nano.a(lib_a-reent.o)
 .ARM.attributes
                0x000005c7       0x2e d:/gnu toolchain/10 2021.10/bin/../lib/gcc/arm-none-eabi/10.3.1/../../../../arm-none-eabi/lib/thumb/v7e-m/nofp\libc_nano.a(lib_a-fstatr.o)
 .ARM.attributes
                0x000005f5       0x2e d:/gnu toolchain/10 2021.10/bin/../lib/gcc/arm-none-eabi/10.3.1/../../../../arm-none-eabi/lib/thumb/v7e-m/nofp\libc_nano.a(lib_a-isattyr.o)
 .ARM.attributes
                0x00000623       0x1c d:/gnu toolchain/10 2021.10/bin/../lib/gcc/arm-none-eabi/10.3.1/../../../../arm-none-eabi/lib/thumb/v7e-m/nofp\libc_nano.a(lib_a-memchr.o)
 .ARM.attributes
                0x0000063f       0x1e d:/gnu toolchain/10 2021.10/bin/../lib/gcc/arm-none-eabi/10.3.1/thumb/v7e-m/nofp/crtn.o

.comment        0x00000000       0x49
 .comment       0x00000000       0x49 build/006_i2c_master_receiver.o
                                 0x4a (size before relaxing)
 .comment       0x00000049       0x4a build/startup_stm32f407.o
 .comment       0x00000049       0x4a build/stm32f407xxx_gpio_driver.o
 .comment       0x00000049       0x4a build/stm32f407xxx_i2c_driver.o

.debug_frame    0x00000000     0x1124
 .debug_frame   0x00000000       0x2c d:/gnu toolchain/10 2021.10/bin/../lib/gcc/arm-none-eabi/10.3.1/../../../../arm-none-eabi/lib/thumb/v7e-m/nofp\libc_nano.a(lib_a-init.o)
 .debug_frame   0x0000002c       0x20 d:/gnu toolchain/10 2021.10/bin/../lib/gcc/arm-none-eabi/10.3.1/../../../../arm-none-eabi/lib/thumb/v7e-m/nofp\libc_nano.a(lib_a-memset.o)
 .debug_frame   0x0000004c      0x398 d:/gnu toolchain/10 2021.10/bin/../lib/gcc/arm-none-eabi/10.3.1/../../../../arm-none-eabi/lib/thumb/v7e-m/nofp\librdimon_nano.a(rdimon-syscalls.o)
 .debug_frame   0x000003e4       0xd0 build/006_i2c_master_receiver.o
 .debug_frame   0x000004b4       0x48 build/startup_stm32f407.o
 .debug_frame   0x000004fc      0x1c8 build/stm32f407xxx_gpio_driver.o
 .debug_frame   0x000006c4      0x248 build/stm32f407xxx_i2c_driver.o
 .debug_frame   0x0000090c       0x20 d:/gnu toolchain/10 2021.10/bin/../lib/gcc/arm-none-eabi/10.3.1/../../../../arm-none-eabi/lib/thumb/v7e-m/nofp\libc_nano.a(lib_a-errno.o)
 .debug_frame   0x0000092c      0x14c d:/gnu toolchain/10 2021.10/bin/../lib/gcc/arm-none-eabi/10.3.1/../../../../arm-none-eabi/lib/thumb/v7e-m/nofp\libc_nano.a(lib_a-findfp.o)
 .debug_frame   0x00000a78       0x54 d:/gnu toolchain/10 2021.10/bin/../lib/gcc/arm-none-eabi/10.3.1/../../../../arm-none-eabi/lib/thumb/v7e-m/nofp\libc_nano.a(lib_a-fwalk.o)
 .debug_frame   0x00000acc       0xb0 d:/gnu toolchain/10 2021.10/bin/../lib/gcc/arm-none-eabi/10.3.1/../../../../arm-none-eabi/lib/thumb/v7e-m/nofp\libc_nano.a(lib_a-lock.o)
 .debug_frame   0x00000b7c       0x4c d:/gnu toolchain/10 2021.10/bin/../lib/gcc/arm-none-eabi/10.3.1/../../../../arm-none-eabi/lib/thumb/v7e-m/nofp\libc_nano.a(lib_a-nano-mallocr.o)
 .debug_frame   0x00000bc8       0x74 d:/gnu toolchain/10 2021.10/bin/../lib/gcc/arm-none-eabi/10.3.1/../../../../arm-none-eabi/lib/thumb/v7e-m/nofp\libc_nano.a(lib_a-printf.o)
 .debug_frame   0x00000c3c       0x3c d:/gnu toolchain/10 2021.10/bin/../lib/gcc/arm-none-eabi/10.3.1/../../../../arm-none-eabi/lib/thumb/v7e-m/nofp\libc_nano.a(lib_a-puts.o)
 .debug_frame   0x00000c78       0x2c d:/gnu toolchain/10 2021.10/bin/../lib/gcc/arm-none-eabi/10.3.1/../../../../arm-none-eabi/lib/thumb/v7e-m/nofp\libc_nano.a(lib_a-sbrkr.o)
 .debug_frame   0x00000ca4       0x88 d:/gnu toolchain/10 2021.10/bin/../lib/gcc/arm-none-eabi/10.3.1/../../../../arm-none-eabi/lib/thumb/v7e-m/nofp\libc_nano.a(lib_a-stdio.o)
 .debug_frame   0x00000d2c       0x40 d:/gnu toolchain/10 2021.10/bin/../lib/gcc/arm-none-eabi/10.3.1/../../../../arm-none-eabi/lib/thumb/v7e-m/nofp\libc_nano.a(lib_a-wbuf.o)
 .debug_frame   0x00000d6c       0x2c d:/gnu toolchain/10 2021.10/bin/../lib/gcc/arm-none-eabi/10.3.1/../../../../arm-none-eabi/lib/thumb/v7e-m/nofp\libc_nano.a(lib_a-writer.o)
 .debug_frame   0x00000d98       0x2c d:/gnu toolchain/10 2021.10/bin/../lib/gcc/arm-none-eabi/10.3.1/../../../../arm-none-eabi/lib/thumb/v7e-m/nofp\libc_nano.a(lib_a-wsetup.o)
 .debug_frame   0x00000dc4       0x2c d:/gnu toolchain/10 2021.10/bin/../lib/gcc/arm-none-eabi/10.3.1/../../../../arm-none-eabi/lib/thumb/v7e-m/nofp\libc_nano.a(lib_a-closer.o)
 .debug_frame   0x00000df0       0x5c d:/gnu toolchain/10 2021.10/bin/../lib/gcc/arm-none-eabi/10.3.1/../../../../arm-none-eabi/lib/thumb/v7e-m/nofp\libc_nano.a(lib_a-fflush.o)
 .debug_frame   0x00000e4c       0x2c d:/gnu toolchain/10 2021.10/bin/../lib/gcc/arm-none-eabi/10.3.1/../../../../arm-none-eabi/lib/thumb/v7e-m/nofp\libc_nano.a(lib_a-lseekr.o)
 .debug_frame   0x00000e78       0x58 d:/gnu toolchain/10 2021.10/bin/../lib/gcc/arm-none-eabi/10.3.1/../../../../arm-none-eabi/lib/thumb/v7e-m/nofp\libc_nano.a(lib_a-makebuf.o)
 .debug_frame   0x00000ed0       0x30 d:/gnu toolchain/10 2021.10/bin/../lib/gcc/arm-none-eabi/10.3.1/../../../../arm-none-eabi/lib/thumb/v7e-m/nofp\libc_nano.a(lib_a-mlock.o)
 .debug_frame   0x00000f00       0x38 d:/gnu toolchain/10 2021.10/bin/../lib/gcc/arm-none-eabi/10.3.1/../../../../arm-none-eabi/lib/thumb/v7e-m/nofp\libc_nano.a(lib_a-nano-freer.o)
 .debug_frame   0x00000f38       0xac d:/gnu toolchain/10 2021.10/bin/../lib/gcc/arm-none-eabi/10.3.1/../../../../arm-none-eabi/lib/thumb/v7e-m/nofp\libc_nano.a(lib_a-nano-vfprintf.o)
 .debug_frame   0x00000fe4       0x60 d:/gnu toolchain/10 2021.10/bin/../lib/gcc/arm-none-eabi/10.3.1/../../../../arm-none-eabi/lib/thumb/v7e-m/nofp\libc_nano.a(lib_a-nano-vfprintf_i.o)
 .debug_frame   0x00001044       0x2c d:/gnu toolchain/10 2021.10/bin/../lib/gcc/arm-none-eabi/10.3.1/../../../../arm-none-eabi/lib/thumb/v7e-m/nofp\libc_nano.a(lib_a-readr.o)
 .debug_frame   0x00001070       0x5c d:/gnu toolchain/10 2021.10/bin/../lib/gcc/arm-none-eabi/10.3.1/../../../../arm-none-eabi/lib/thumb/v7e-m/nofp\libc_nano.a(lib_a-reent.o)
 .debug_frame   0x000010cc       0x2c d:/gnu toolchain/10 2021.10/bin/../lib/gcc/arm-none-eabi/10.3.1/../../../../arm-none-eabi/lib/thumb/v7e-m/nofp\libc_nano.a(lib_a-fstatr.o)
 .debug_frame   0x000010f8       0x2c d:/gnu toolchain/10 2021.10/bin/../lib/gcc/arm-none-eabi/10.3.1/../../../../arm-none-eabi/lib/thumb/v7e-m/nofp\libc_nano.a(lib_a-isattyr.o)

.debug_info     0x00000000     0x150f
 .debug_info    0x00000000      0x450 build/006_i2c_master_receiver.o
 .debug_info    0x00000450      0x188 build/startup_stm32f407.o
 .debug_info    0x000005d8      0x77d build/stm32f407xxx_gpio_driver.o
 .debug_info    0x00000d55      0x7ba build/stm32f407xxx_i2c_driver.o

.debug_abbrev   0x00000000      0x5b7
 .debug_abbrev  0x00000000      0x154 build/006_i2c_master_receiver.o
 .debug_abbrev  0x00000154       0xe6 build/startup_stm32f407.o
 .debug_abbrev  0x0000023a      0x170 build/stm32f407xxx_gpio_driver.o
 .debug_abbrev  0x000003aa      0x20d build/stm32f407xxx_i2c_driver.o

.debug_aranges  0x00000000      0x170
 .debug_aranges
                0x00000000       0x48 build/006_i2c_master_receiver.o
 .debug_aranges
                0x00000048       0x28 build/startup_stm32f407.o
 .debug_aranges
                0x00000070       0x70 build/stm32f407xxx_gpio_driver.o
 .debug_aranges
                0x000000e0       0x90 build/stm32f407xxx_i2c_driver.o

.debug_ranges   0x00000000      0x130
 .debug_ranges  0x00000000       0x38 build/006_i2c_master_receiver.o
 .debug_ranges  0x00000038       0x18 build/startup_stm32f407.o
 .debug_ranges  0x00000050       0x60 build/stm32f407xxx_gpio_driver.o
 .debug_ranges  0x000000b0       0x80 build/stm32f407xxx_i2c_driver.o

.debug_line     0x00000000     0x102e
 .debug_line    0x00000000      0x254 build/006_i2c_master_receiver.o
 .debug_line    0x00000254      0x16c build/startup_stm32f407.o
 .debug_line    0x000003c0      0x664 build/stm32f407xxx_gpio_driver.o
 .debug_line    0x00000a24      0x60a build/stm32f407xxx_i2c_driver.o

.debug_str      0x00000000      0x880
 .debug_str     0x00000000      0x355 build/006_i2c_master_receiver.o
                                0x39f (size before relaxing)
 .debug_str     0x00000355       0x73 build/startup_stm32f407.o
                                0x1d1 (size before relaxing)
 .debug_str     0x000003c8      0x2be build/stm32f407xxx_gpio_driver.o
                                0x4f3 (size before relaxing)
 .debug_str     0x00000686      0x1fa build/stm32f407xxx_i2c_driver.o
                                0x528 (size before relaxing)
